// Jest Snapshot v1, https://goo.gl/fbAQLP

exports[`use enzyme + jest snapShot2 test 1`] = `
<span>
  fdf
</span>
`;
